// Jest Snapshot v1, https://goo.gl/fbAQLP

exports[`Client page test matches snapshot 1`] = `ReactWrapper {}`;
