// Jest Snapshot v1, https://goo.gl/fbAQLP

exports[`404 page test matches snapshot 1`] = `ShallowWrapper {}`;
