// Jest Snapshot v1, https://goo.gl/fbAQLP

exports[`Index page test matches snapshot 1`] = `ShallowWrapper {}`;
