// Jest Snapshot v1, https://goo.gl/fbAQLP

exports[`<FilterCategory /> should match snapshot 1`] = `ShallowWrapper {}`;
