// Jest Snapshot v1, https://goo.gl/fbAQLP

exports[`<NavButtons /> should match snapshot 1`] = `ShallowWrapper {}`;
